Running sovereign-engine tests...

[1m[46m RUN [49m[22m [36mv4.0.18 [39m[90mC:/Users/elric/omega-project/packages/sovereign-engine[39m

 [32m✓[39m tests/runtime/path-safety.test.ts [2m([22m[2m8 tests[22m[2m)[22m[32m 4[2mms[22m[39m
 [32m✓[39m tests/runtime/golden-loader.test.ts [2m([22m[2m8 tests[22m[2m)[22m[32m 6[2mms[22m[39m
 [32m✓[39m tests/runtime/sha256sums.test.ts [2m([22m[2m6 tests[22m[2m)[22m[32m 17[2mms[22m[39m
 [32m✓[39m tests/runtime/sovereign-live.test.ts [2m([22m[2m6 tests[22m[2m)[22m[32m 3[2mms[22m[39m
 [32m✓[39m tests/symbol/emotion-to-imagery.test.ts [2m([22m[2m12 tests[22m[2m)[22m[32m 3[2mms[22m[39m
 [32m✓[39m tests/config.test.ts [2m([22m[2m18 tests[22m[2m)[22m[32m 3[2mms[22m[39m
 [32m✓[39m tests/pitch/correction-catalog.test.ts [2m([22m[2m5 tests[22m[2m)[22m[32m 3[2mms[22m[39m
 [32m✓[39m tests/oracle/axes/signature.test.ts [2m([22m[2m4 tests[22m[2m)[22m[32m 4[2mms[22m[39m
 [32m✓[39m tests/oracle/axes/anti-cliche.test.ts [2m([22m[2m7 tests[22m[2m)[22m[32m 2[2mms[22m[39m
 [32m✓[39m tests/symbol/symbol-map-oracle.test.ts [2m([22m[2m12 tests[22m[2m)[22m[32m 4[2mms[22m[39m
 [32m✓[39m tests/oracle/axes/rhythm.test.ts [2m([22m[2m5 tests[22m[2m)[22m[32m 6[2mms[22m[39m
 [32m✓[39m tests/oracle/axes/rhythm-v2.test.ts [2m([22m[2m9 tests[22m[2m)[22m[32m 9[2mms[22m[39m
 [32m✓[39m tests/delta/delta-cliche.test.ts [2m([22m[2m3 tests[22m[2m)[22m[32m 3[2mms[22m[39m
 [32m✓[39m tests/oracle/s-score.test.ts [2m([22m[2m7 tests[22m[2m)[22m[32m 3[2mms[22m[39m
 [32m✓[39m tests/oracle/macro-s-score.test.ts [2m([22m[2m10 tests[22m[2m)[22m[32m 3[2mms[22m[39m
 [32m✓[39m tests/runtime/run-id.test.ts [2m([22m[2m12 tests[22m[2m)[22m[32m 4[2mms[22m[39m
 [32m✓[39m tests/polish/sweep-noop.test.ts [2m([22m[2m4 tests[22m[2m)[22m[32m 2[2mms[22m[39m
 [32m✓[39m tests/pitch/pitch-oracle.test.ts [2m([22m[2m2 tests[22m[2m)[22m[32m 2[2mms[22m[39m
 [32m✓[39m tests/oracle/axes/tension-14d.test.ts [2m([22m[2m4 tests[22m[2m)[22m[32m 5[2mms[22m[39m
 [32m✓[39m tests/oracle/axes/emotion-coherence.test.ts [2m([22m[2m4 tests[22m[2m)[22m[32m 5[2mms[22m[39m
 [32m✓[39m tests/oracle/axes/rci-hooks.test.ts [2m([22m[2m5 tests[22m[2m)[22m[32m 5[2mms[22m[39m
 [32m✓[39m tests/oracle/axes/ifi-distribution.test.ts [2m([22m[2m5 tests[22m[2m)[22m[32m 4[2mms[22m[39m
 [32m✓[39m tests/oracle/macro-axes.test.ts [2m([22m[2m11 tests[22m[2m)[22m[32m 11[2mms[22m[39m

[2m Test Files [22m [1m[32m23 passed[39m[22m[90m (23)[39m
[2m      Tests [22m [1m[32m167 passed[39m[22m[90m (167)[39m
[2m   Start at [22m 12:10:25
[2m   Duration [22m 718ms[2m (transform 3.40s, setup 0ms, import 4.36s, tests 110ms, environment 2ms)[22m

EXIT=0
